{
  "error": "Something went wrong, and it's not clear what it was. Please post an issue on GitHub so we can figure it out! https://github.com/exercism/exercism.io/issues"
}
