{
  "error": "Sorryâ€”we can't figure out who you are. Double-check your API key in your exercism.io account page."
}
