{
  "assignments": [
    {
      "track_id": "animal",
      "id": "dog",
      "track": "animal",
      "slug": "dog",
      "files": {
        "a_dog.animal": "assert 'woof woof'\n",
        "README.md": "# Dog\n\nThis is dog.\n\n* dog\n* dog again\n\n\n## Source\n\nThe internet. [view source](http://example.com)\n"
      },
      "fresh": false
    },
    {
      "track_id": "fake",
      "id": "one",
      "track": "fake",
      "slug": "one",
      "files": {
        "Fakefile": "Autorun fake code\n",
        "one_test.tst": "assert 'one'\n",
        "README.md": "# One\n\nThis is one.\n\n* one\n* one again\n\nDo stuff.\n\n## Source\n\nThe internet. [view source](http://example.com)\n"
      },
      "fresh": false
    },
    {
      "track_id": "fake",
      "id": "three",
      "track": "fake",
      "slug": "three",
      "files": {
        "three_test.tst": "assert 'one'\n",
        "README.md": "# Three\n\nThis is three.\n\n* three\n* three again\n\nDo stuff.\n\n## Source\n\nThe internet. [view source](http://example.com/3)\n"
      },
      "fresh": false
    },
    {
      "track_id": "fake",
      "id": "two",
      "track": "fake",
      "slug": "two",
      "files": {
        "two_test.tst": "assert 'one'\n",
        "README.md": "# Two\n\nThis is two.\n\n* two\n* two again\n\nDo stuff.\n\n## Source\n\nThe internet. [view source](http://example.com)\n"
      },
      "fresh": false
    },
    {
      "track_id": "fruit",
      "id": "apple",
      "track": "fruit",
      "slug": "apple",
      "files": {
        "apple.ext": "an apple a day keeps the doctor away\n",
        "apple_test.tst": "assert 'one'\n",
        "README.md": "# Apple\n\nThis is apple.\n\n* apple\n* apple again\n\n\n## Source\n\nThe internet. [view source](http://example.com)\n"
      },
      "fresh": false
    },
    {
      "track_id": "fruit",
      "id": "banana",
      "track": "fruit",
      "slug": "banana",
      "files": {
        "banana_test.tst": "assert 'one'\n",
        "README.md": "# Banana\n\nThis is banana.\n\n* banana\n* banana again\n\n\n## Source\n\nThe internet. [view source](http://example.com)\n"
      },
      "fresh": false
    },
    {
      "track_id": "fruit",
      "id": "cherry",
      "track": "fruit",
      "slug": "cherry",
      "files": {
        "cherry_test.tst": "assert 'one'\n",
        "README.md": "# Cherry\n\nThis is cherry.\n\n* cherry\n* cherry again\n\n\n## Source\n\nThe internet. [view source](http://example.com)\n"
      },
      "fresh": false
    }
  ]
}
