{
  "track": {
    "language": "Fake",
    "active": true,
    "id": "fake",
    "slug": "fake",
    "problems": [
      "fake/hello-world",
      "fake/one",
      "fake/two",
      "fake/three"
    ],
    "repository": "https://github.com/exercism/xfake",
    "todo": [
      "apple",
      "banana",
      "cherry",
      "dog"
    ]
  },
  "problems": [
    {
      "id": "fake/hello-world",
      "track_id": "fake",
      "language": "Fake",
      "slug": "hello-world",
      "name": "Hello World",
      "files": {
        "hello_test.ext": "assert 'hello'\n",
        "world_test.ext": "assert 'World'\n",
        "README.md": "# Hello World\n\nOh, hello.\n\n* hello\n* hello again\n\n## Source\n\nThe internet. [view source](http://example.com)\n"
      },
      "fresh": false
    },
    {
      "id": "fake/one",
      "track_id": "fake",
      "language": "Fake",
      "slug": "one",
      "name": "One",
      "files": {
        ".dot": "dot\n",
        "Fakefile": "Autorun fake code\n",
        "one_test.ext": "assert 'one'\n",
        "sub/src/stubfile.ext": "stub\n",
        "README.md": "# One\n\nThis is one.\n\n* one\n* one again\n\n* one hint\n* one more hint\n\n## Source\n\nThe internet. [view source](http://example.com)\n"
      },
      "fresh": false
    },
    {
      "id": "fake/two",
      "track_id": "fake",
      "language": "Fake",
      "slug": "two",
      "name": "Two",
      "files": {
        "two_test.ext": "assert 'one'\n",
        "README.md": "# Two\n\nThis is two.\n\n* two\n* two again\n\n## Source\n\nThe internet. [view source](http://example.com)\n"
      },
      "fresh": false
    },
    {
      "id": "fake/three",
      "track_id": "fake",
      "language": "Fake",
      "slug": "three",
      "name": "Three",
      "files": {
        "three_test.ext": "assert 'one'\n",
        "README.md": "# Three\n\nThis is three.\n\n* three\n* three again\n\n## Source\n\nThe internet. [view source](http://example.com/3)\n"
      },
      "fresh": false
    }
  ]
}
