{
  "id": "animal",
  "docs": {
    "about": "",
    "installation": "",
    "tests": "",
    "learning": "",
    "resources": ""
  }
}
