{
  "id": "fake",
  "docs": {
    "about": "Language Information\n",
    "installation": "Installing\n",
    "tests": "Running\n",
    "resources": "Resources\n"
  }
}
