{
  "problems": [
    {
      "id": "fruit/cherry",
      "track_id": "fruit",
      "language": "fruit",
      "slug": "cherry",
      "name": "Cherry",
      "files": {
        "cherry.tst": "assert 'cherry'\n",
        "README.md": "# Cherry\n\nThis is cherry.\n\n* cherry\n* cherry again\n\nDo stuff.\n\n\n"
      },
      "fresh": false
    }
  ]
}
