[0] "assembly"
[1] "bash"
[2] "c"
[3] "clojure"
[4] "coffeescript"
[5] "cpp"
[6] "csharp"
[7] "dlang"
[8] "ecmascript"
[9] "elixir"
[10] "erlang"
[11] "fsharp"
[12] "go"
[13] "groovy"
[14] "haskell"
[15] "java"
[16] "javascript"
[17] "lisp"
[18] "lua"
[19] "nimrod"
[20] "objective-c"
[21] "ocaml"
[22] "perl5"
[23] "perl6"
[24] "php"
[25] "powershell"
[26] "proofs"
[27] "python"
[28] "r"
[29] "ruby"
[30] "rust"
[31] "scala"
[32] "sml"
[33] "swift"
[34] "vbnet"
