{
	".dot" => "dot\n"
	"Fakefile" => "Autorun fake code\n"
	"one_test.ext" => "assert 'one'\n"
	"sub/src/stubfile.ext" => "stub\n"
	"README.md" => "# One\n\nThis is one.\n\n* one\n* one again\n\n* one hint\n* one more hint\n\n## Source\n\nThe internet. [http://example.com](http://example.com)\n\n## Submitting Incomplete Problems\nIt's possible to submit an incomplete solution so you can see how others have completed the exercise.\n\n"
}
