# Banana

This is banana.

* banana
* banana again

Do stuff.

* a hint
* another hint

## Source

[http://example.com](http://example.com)

## Submitting Incomplete Problems
It's possible to submit an incomplete solution so you can see how others have completed the exercise.

