{
	"error" => "No image not_found.png in track 'fake'"
}
