{
  "exercise": {
    "track_id": "fake",
    "language": "Fake",
    "slug": "three",
    "name": "Three",
    "exists": true
  }
}
