{
  "error": "No implementation of 'four' in track 'fake'"
}
