{
  "exercise": {
    "track_id": "fakes",
    "slug": "three",
    "name": "three",
    "language": "Unknown",
    "blurb": "",
    "files": {
    }
  }
}
