{
  "error": "Problem threedsf is not implemented in track 'fake'"
}
