{
  "error": "endpoint '/nonexistant' not found."
}
