[0] "banana"
[1] "cherry"
[2] "dog"
[3] "hello-world"
[4] "one"
[5] "three"
[6] "two"
