{
  "exercise": {
    "track_id": "fake",
    "language": "Fake",
    "slug": "three",
    "name": "Three",
    "blurb": "This is three.",
    "files": {
      "README.md": "# Three\n\nThis is three.\n\n* three\n* three again\n\n## Source\n\nThe internet. [view source](http://example.com/3)\n"
    }
  }
}
