{
  "exercise": {
    "track_id": "fakes",
    "language": "Unknown",
    "slug": "three",
    "name": "three",
    "readme": "",
    "blurb": ""
  }
}
