{
  "error": "No implementation of 'threecu' in track 'fake'"
}
