[0] {"slug"=>"banana", "readme"=>"* banana\n* banana again\n", "readme_url"=>"https://github.com/exercism/x-common/blob/master/banana.md", "data"=>nil, "implementations"=>[{"track_id"=>"fruit", "url"=>"https://example.com/exercism/xfruit/tree/master/exercises/banana"}]}
[1] {"slug"=>"cherry", "readme"=>"* cherry\n* cherry again\n", "readme_url"=>"https://github.com/exercism/x-common/blob/master/cherry.md", "data"=>nil, "implementations"=>[{"track_id"=>"fruit", "url"=>"https://example.com/exercism/xfruit/tree/master/exercises/cherry"}]}
